[0.081s] DEBUG:colcon:Command line arguments: ['/usr/bin/colcon', 'build', '--symlink-install']
[0.081s] DEBUG:colcon:Parsed command line arguments: Namespace(log_base=None, log_level=None, verb_name='build', build_base='build', install_base='install', merge_install=False, symlink_install=True, test_result_base=None, continue_on_error=False, executor='parallel', parallel_workers=16, event_handlers=None, ignore_user_meta=False, metas=['./colcon.meta'], base_paths=['.'], packages_ignore=None, packages_ignore_regex=None, paths=None, packages_up_to=None, packages_up_to_regex=None, packages_above=None, packages_above_and_dependencies=None, packages_above_depth=None, packages_select_by_dep=None, packages_skip_by_dep=None, packages_skip_up_to=None, packages_select_build_failed=False, packages_skip_build_finished=False, packages_select_test_failures=False, packages_skip_test_passed=False, packages_select=None, packages_skip=None, packages_select_regex=None, packages_skip_regex=None, packages_start=None, packages_end=None, allow_overriding=[], cmake_args=None, cmake_target=None, cmake_target_skip_unavailable=False, cmake_clean_cache=False, cmake_clean_first=False, cmake_force_configure=False, ament_cmake_args=None, catkin_cmake_args=None, catkin_skip_building_tests=False, mixin_files=None, mixin=None, verb_parser=<colcon_mixin.mixin.mixin_argument.MixinArgumentDecorator object at 0x7e9e04ba5d30>, verb_extension=<colcon_core.verb.build.BuildVerb object at 0x7e9e04ba5bb0>, main=<bound method BuildVerb.main of <colcon_core.verb.build.BuildVerb object at 0x7e9e04ba5bb0>>, mixin_verb=('build',))
[0.106s] Level 1:colcon.colcon_core.package_discovery:discover_packages(colcon_meta) check parameters
[0.107s] Level 1:colcon.colcon_core.package_discovery:discover_packages(recursive) check parameters
[0.107s] Level 1:colcon.colcon_core.package_discovery:discover_packages(ignore) check parameters
[0.107s] Level 1:colcon.colcon_core.package_discovery:discover_packages(path) check parameters
[0.107s] Level 1:colcon.colcon_core.package_discovery:discover_packages(colcon_meta) discover
[0.107s] Level 1:colcon.colcon_core.package_discovery:discover_packages(recursive) discover
[0.107s] INFO:colcon.colcon_core.package_discovery:Crawling recursively for packages in '/home/grigory/uav_agent'
[0.107s] Level 1:colcon.colcon_core.package_identification:_identify(.) by extensions ['ignore', 'ignore_ament_install']
[0.107s] Level 1:colcon.colcon_core.package_identification:_identify(.) by extension 'ignore'
[0.107s] Level 1:colcon.colcon_core.package_identification:_identify(.) by extension 'ignore_ament_install'
[0.107s] Level 1:colcon.colcon_core.package_identification:_identify(.) by extensions ['colcon_pkg']
[0.107s] Level 1:colcon.colcon_core.package_identification:_identify(.) by extension 'colcon_pkg'
[0.107s] Level 1:colcon.colcon_core.package_identification:_identify(.) by extensions ['colcon_meta']
[0.107s] Level 1:colcon.colcon_core.package_identification:_identify(.) by extension 'colcon_meta'
[0.107s] Level 1:colcon.colcon_core.package_identification:_identify(.) by extensions ['ros']
[0.107s] Level 1:colcon.colcon_core.package_identification:_identify(.) by extension 'ros'
[0.125s] Level 1:colcon.colcon_core.package_identification:_identify(.) by extensions ['cmake', 'python']
[0.125s] Level 1:colcon.colcon_core.package_identification:_identify(.) by extension 'cmake'
[0.125s] Level 1:colcon.colcon_core.package_identification:_identify(.) by extension 'python'
[0.125s] Level 1:colcon.colcon_core.package_identification:_identify(.) by extensions ['python_setup_py']
[0.125s] Level 1:colcon.colcon_core.package_identification:_identify(.) by extension 'python_setup_py'
[0.125s] Level 1:colcon.colcon_core.package_identification:_identify(__pycache__) by extensions ['ignore', 'ignore_ament_install']
[0.125s] Level 1:colcon.colcon_core.package_identification:_identify(__pycache__) by extension 'ignore'
[0.125s] Level 1:colcon.colcon_core.package_identification:_identify(__pycache__) by extension 'ignore_ament_install'
[0.125s] Level 1:colcon.colcon_core.package_identification:_identify(__pycache__) by extensions ['colcon_pkg']
[0.125s] Level 1:colcon.colcon_core.package_identification:_identify(__pycache__) by extension 'colcon_pkg'
[0.125s] Level 1:colcon.colcon_core.package_identification:_identify(__pycache__) by extensions ['colcon_meta']
[0.125s] Level 1:colcon.colcon_core.package_identification:_identify(__pycache__) by extension 'colcon_meta'
[0.125s] Level 1:colcon.colcon_core.package_identification:_identify(__pycache__) by extensions ['ros']
[0.125s] Level 1:colcon.colcon_core.package_identification:_identify(__pycache__) by extension 'ros'
[0.125s] Level 1:colcon.colcon_core.package_identification:_identify(__pycache__) by extensions ['cmake', 'python']
[0.125s] Level 1:colcon.colcon_core.package_identification:_identify(__pycache__) by extension 'cmake'
[0.125s] Level 1:colcon.colcon_core.package_identification:_identify(__pycache__) by extension 'python'
[0.125s] Level 1:colcon.colcon_core.package_identification:_identify(__pycache__) by extensions ['python_setup_py']
[0.125s] Level 1:colcon.colcon_core.package_identification:_identify(__pycache__) by extension 'python_setup_py'
[0.125s] Level 1:colcon.colcon_core.package_identification:_identify(build) by extensions ['ignore', 'ignore_ament_install']
[0.125s] Level 1:colcon.colcon_core.package_identification:_identify(build) by extension 'ignore'
[0.125s] Level 1:colcon.colcon_core.package_identification:_identify(build) ignored
[0.125s] Level 1:colcon.colcon_core.package_identification:_identify(data) by extensions ['ignore', 'ignore_ament_install']
[0.125s] Level 1:colcon.colcon_core.package_identification:_identify(data) by extension 'ignore'
[0.125s] Level 1:colcon.colcon_core.package_identification:_identify(data) by extension 'ignore_ament_install'
[0.125s] Level 1:colcon.colcon_core.package_identification:_identify(data) by extensions ['colcon_pkg']
[0.125s] Level 1:colcon.colcon_core.package_identification:_identify(data) by extension 'colcon_pkg'
[0.125s] Level 1:colcon.colcon_core.package_identification:_identify(data) by extensions ['colcon_meta']
[0.125s] Level 1:colcon.colcon_core.package_identification:_identify(data) by extension 'colcon_meta'
[0.125s] Level 1:colcon.colcon_core.package_identification:_identify(data) by extensions ['ros']
[0.125s] Level 1:colcon.colcon_core.package_identification:_identify(data) by extension 'ros'
[0.126s] Level 1:colcon.colcon_core.package_identification:_identify(data) by extensions ['cmake', 'python']
[0.126s] Level 1:colcon.colcon_core.package_identification:_identify(data) by extension 'cmake'
[0.126s] Level 1:colcon.colcon_core.package_identification:_identify(data) by extension 'python'
[0.126s] Level 1:colcon.colcon_core.package_identification:_identify(data) by extensions ['python_setup_py']
[0.126s] Level 1:colcon.colcon_core.package_identification:_identify(data) by extension 'python_setup_py'
[0.126s] Level 1:colcon.colcon_core.package_identification:_identify(data/cars_accident) by extensions ['ignore', 'ignore_ament_install']
[0.126s] Level 1:colcon.colcon_core.package_identification:_identify(data/cars_accident) by extension 'ignore'
[0.126s] Level 1:colcon.colcon_core.package_identification:_identify(data/cars_accident) by extension 'ignore_ament_install'
[0.126s] Level 1:colcon.colcon_core.package_identification:_identify(data/cars_accident) by extensions ['colcon_pkg']
[0.126s] Level 1:colcon.colcon_core.package_identification:_identify(data/cars_accident) by extension 'colcon_pkg'
[0.126s] Level 1:colcon.colcon_core.package_identification:_identify(data/cars_accident) by extensions ['colcon_meta']
[0.126s] Level 1:colcon.colcon_core.package_identification:_identify(data/cars_accident) by extension 'colcon_meta'
[0.126s] Level 1:colcon.colcon_core.package_identification:_identify(data/cars_accident) by extensions ['ros']
[0.126s] Level 1:colcon.colcon_core.package_identification:_identify(data/cars_accident) by extension 'ros'
[0.126s] Level 1:colcon.colcon_core.package_identification:_identify(data/cars_accident) by extensions ['cmake', 'python']
[0.126s] Level 1:colcon.colcon_core.package_identification:_identify(data/cars_accident) by extension 'cmake'
[0.126s] Level 1:colcon.colcon_core.package_identification:_identify(data/cars_accident) by extension 'python'
[0.126s] Level 1:colcon.colcon_core.package_identification:_identify(data/cars_accident) by extensions ['python_setup_py']
[0.126s] Level 1:colcon.colcon_core.package_identification:_identify(data/cars_accident) by extension 'python_setup_py'
[0.126s] Level 1:colcon.colcon_core.package_identification:_identify(data/default) by extensions ['ignore', 'ignore_ament_install']
[0.126s] Level 1:colcon.colcon_core.package_identification:_identify(data/default) by extension 'ignore'
[0.126s] Level 1:colcon.colcon_core.package_identification:_identify(data/default) by extension 'ignore_ament_install'
[0.126s] Level 1:colcon.colcon_core.package_identification:_identify(data/default) by extensions ['colcon_pkg']
[0.126s] Level 1:colcon.colcon_core.package_identification:_identify(data/default) by extension 'colcon_pkg'
[0.126s] Level 1:colcon.colcon_core.package_identification:_identify(data/default) by extensions ['colcon_meta']
[0.126s] Level 1:colcon.colcon_core.package_identification:_identify(data/default) by extension 'colcon_meta'
[0.126s] Level 1:colcon.colcon_core.package_identification:_identify(data/default) by extensions ['ros']
[0.126s] Level 1:colcon.colcon_core.package_identification:_identify(data/default) by extension 'ros'
[0.126s] Level 1:colcon.colcon_core.package_identification:_identify(data/default) by extensions ['cmake', 'python']
[0.126s] Level 1:colcon.colcon_core.package_identification:_identify(data/default) by extension 'cmake'
[0.126s] Level 1:colcon.colcon_core.package_identification:_identify(data/default) by extension 'python'
[0.126s] Level 1:colcon.colcon_core.package_identification:_identify(data/default) by extensions ['python_setup_py']
[0.126s] Level 1:colcon.colcon_core.package_identification:_identify(data/default) by extension 'python_setup_py'
[0.126s] Level 1:colcon.colcon_core.package_identification:_identify(data/fire) by extensions ['ignore', 'ignore_ament_install']
[0.126s] Level 1:colcon.colcon_core.package_identification:_identify(data/fire) by extension 'ignore'
[0.126s] Level 1:colcon.colcon_core.package_identification:_identify(data/fire) by extension 'ignore_ament_install'
[0.126s] Level 1:colcon.colcon_core.package_identification:_identify(data/fire) by extensions ['colcon_pkg']
[0.126s] Level 1:colcon.colcon_core.package_identification:_identify(data/fire) by extension 'colcon_pkg'
[0.126s] Level 1:colcon.colcon_core.package_identification:_identify(data/fire) by extensions ['colcon_meta']
[0.126s] Level 1:colcon.colcon_core.package_identification:_identify(data/fire) by extension 'colcon_meta'
[0.126s] Level 1:colcon.colcon_core.package_identification:_identify(data/fire) by extensions ['ros']
[0.126s] Level 1:colcon.colcon_core.package_identification:_identify(data/fire) by extension 'ros'
[0.126s] Level 1:colcon.colcon_core.package_identification:_identify(data/fire) by extensions ['cmake', 'python']
[0.127s] Level 1:colcon.colcon_core.package_identification:_identify(data/fire) by extension 'cmake'
[0.127s] Level 1:colcon.colcon_core.package_identification:_identify(data/fire) by extension 'python'
[0.127s] Level 1:colcon.colcon_core.package_identification:_identify(data/fire) by extensions ['python_setup_py']
[0.127s] Level 1:colcon.colcon_core.package_identification:_identify(data/fire) by extension 'python_setup_py'
[0.127s] Level 1:colcon.colcon_core.package_identification:_identify(data/hogweed_thickets) by extensions ['ignore', 'ignore_ament_install']
[0.127s] Level 1:colcon.colcon_core.package_identification:_identify(data/hogweed_thickets) by extension 'ignore'
[0.127s] Level 1:colcon.colcon_core.package_identification:_identify(data/hogweed_thickets) by extension 'ignore_ament_install'
[0.127s] Level 1:colcon.colcon_core.package_identification:_identify(data/hogweed_thickets) by extensions ['colcon_pkg']
[0.127s] Level 1:colcon.colcon_core.package_identification:_identify(data/hogweed_thickets) by extension 'colcon_pkg'
[0.127s] Level 1:colcon.colcon_core.package_identification:_identify(data/hogweed_thickets) by extensions ['colcon_meta']
[0.127s] Level 1:colcon.colcon_core.package_identification:_identify(data/hogweed_thickets) by extension 'colcon_meta'
[0.127s] Level 1:colcon.colcon_core.package_identification:_identify(data/hogweed_thickets) by extensions ['ros']
[0.127s] Level 1:colcon.colcon_core.package_identification:_identify(data/hogweed_thickets) by extension 'ros'
[0.127s] Level 1:colcon.colcon_core.package_identification:_identify(data/hogweed_thickets) by extensions ['cmake', 'python']
[0.127s] Level 1:colcon.colcon_core.package_identification:_identify(data/hogweed_thickets) by extension 'cmake'
[0.127s] Level 1:colcon.colcon_core.package_identification:_identify(data/hogweed_thickets) by extension 'python'
[0.127s] Level 1:colcon.colcon_core.package_identification:_identify(data/hogweed_thickets) by extensions ['python_setup_py']
[0.127s] Level 1:colcon.colcon_core.package_identification:_identify(data/hogweed_thickets) by extension 'python_setup_py'
[0.127s] Level 1:colcon.colcon_core.package_identification:_identify(data/illegal_buildings) by extensions ['ignore', 'ignore_ament_install']
[0.127s] Level 1:colcon.colcon_core.package_identification:_identify(data/illegal_buildings) by extension 'ignore'
[0.127s] Level 1:colcon.colcon_core.package_identification:_identify(data/illegal_buildings) by extension 'ignore_ament_install'
[0.127s] Level 1:colcon.colcon_core.package_identification:_identify(data/illegal_buildings) by extensions ['colcon_pkg']
[0.127s] Level 1:colcon.colcon_core.package_identification:_identify(data/illegal_buildings) by extension 'colcon_pkg'
[0.127s] Level 1:colcon.colcon_core.package_identification:_identify(data/illegal_buildings) by extensions ['colcon_meta']
[0.127s] Level 1:colcon.colcon_core.package_identification:_identify(data/illegal_buildings) by extension 'colcon_meta'
[0.127s] Level 1:colcon.colcon_core.package_identification:_identify(data/illegal_buildings) by extensions ['ros']
[0.127s] Level 1:colcon.colcon_core.package_identification:_identify(data/illegal_buildings) by extension 'ros'
[0.127s] Level 1:colcon.colcon_core.package_identification:_identify(data/illegal_buildings) by extensions ['cmake', 'python']
[0.127s] Level 1:colcon.colcon_core.package_identification:_identify(data/illegal_buildings) by extension 'cmake'
[0.127s] Level 1:colcon.colcon_core.package_identification:_identify(data/illegal_buildings) by extension 'python'
[0.127s] Level 1:colcon.colcon_core.package_identification:_identify(data/illegal_buildings) by extensions ['python_setup_py']
[0.127s] Level 1:colcon.colcon_core.package_identification:_identify(data/illegal_buildings) by extension 'python_setup_py'
[0.127s] Level 1:colcon.colcon_core.package_identification:_identify(data/oil_spill) by extensions ['ignore', 'ignore_ament_install']
[0.127s] Level 1:colcon.colcon_core.package_identification:_identify(data/oil_spill) by extension 'ignore'
[0.127s] Level 1:colcon.colcon_core.package_identification:_identify(data/oil_spill) by extension 'ignore_ament_install'
[0.127s] Level 1:colcon.colcon_core.package_identification:_identify(data/oil_spill) by extensions ['colcon_pkg']
[0.127s] Level 1:colcon.colcon_core.package_identification:_identify(data/oil_spill) by extension 'colcon_pkg'
[0.127s] Level 1:colcon.colcon_core.package_identification:_identify(data/oil_spill) by extensions ['colcon_meta']
[0.127s] Level 1:colcon.colcon_core.package_identification:_identify(data/oil_spill) by extension 'colcon_meta'
[0.127s] Level 1:colcon.colcon_core.package_identification:_identify(data/oil_spill) by extensions ['ros']
[0.127s] Level 1:colcon.colcon_core.package_identification:_identify(data/oil_spill) by extension 'ros'
[0.127s] Level 1:colcon.colcon_core.package_identification:_identify(data/oil_spill) by extensions ['cmake', 'python']
[0.127s] Level 1:colcon.colcon_core.package_identification:_identify(data/oil_spill) by extension 'cmake'
[0.127s] Level 1:colcon.colcon_core.package_identification:_identify(data/oil_spill) by extension 'python'
[0.127s] Level 1:colcon.colcon_core.package_identification:_identify(data/oil_spill) by extensions ['python_setup_py']
[0.127s] Level 1:colcon.colcon_core.package_identification:_identify(data/oil_spill) by extension 'python_setup_py'
[0.127s] Level 1:colcon.colcon_core.package_identification:_identify(data/unauthorized_festival) by extensions ['ignore', 'ignore_ament_install']
[0.128s] Level 1:colcon.colcon_core.package_identification:_identify(data/unauthorized_festival) by extension 'ignore'
[0.128s] Level 1:colcon.colcon_core.package_identification:_identify(data/unauthorized_festival) by extension 'ignore_ament_install'
[0.128s] Level 1:colcon.colcon_core.package_identification:_identify(data/unauthorized_festival) by extensions ['colcon_pkg']
[0.128s] Level 1:colcon.colcon_core.package_identification:_identify(data/unauthorized_festival) by extension 'colcon_pkg'
[0.128s] Level 1:colcon.colcon_core.package_identification:_identify(data/unauthorized_festival) by extensions ['colcon_meta']
[0.128s] Level 1:colcon.colcon_core.package_identification:_identify(data/unauthorized_festival) by extension 'colcon_meta'
[0.128s] Level 1:colcon.colcon_core.package_identification:_identify(data/unauthorized_festival) by extensions ['ros']
[0.128s] Level 1:colcon.colcon_core.package_identification:_identify(data/unauthorized_festival) by extension 'ros'
[0.128s] Level 1:colcon.colcon_core.package_identification:_identify(data/unauthorized_festival) by extensions ['cmake', 'python']
[0.128s] Level 1:colcon.colcon_core.package_identification:_identify(data/unauthorized_festival) by extension 'cmake'
[0.128s] Level 1:colcon.colcon_core.package_identification:_identify(data/unauthorized_festival) by extension 'python'
[0.128s] Level 1:colcon.colcon_core.package_identification:_identify(data/unauthorized_festival) by extensions ['python_setup_py']
[0.128s] Level 1:colcon.colcon_core.package_identification:_identify(data/unauthorized_festival) by extension 'python_setup_py'
[0.128s] Level 1:colcon.colcon_core.package_identification:_identify(data/water_source) by extensions ['ignore', 'ignore_ament_install']
[0.128s] Level 1:colcon.colcon_core.package_identification:_identify(data/water_source) by extension 'ignore'
[0.128s] Level 1:colcon.colcon_core.package_identification:_identify(data/water_source) by extension 'ignore_ament_install'
[0.128s] Level 1:colcon.colcon_core.package_identification:_identify(data/water_source) by extensions ['colcon_pkg']
[0.128s] Level 1:colcon.colcon_core.package_identification:_identify(data/water_source) by extension 'colcon_pkg'
[0.128s] Level 1:colcon.colcon_core.package_identification:_identify(data/water_source) by extensions ['colcon_meta']
[0.128s] Level 1:colcon.colcon_core.package_identification:_identify(data/water_source) by extension 'colcon_meta'
[0.128s] Level 1:colcon.colcon_core.package_identification:_identify(data/water_source) by extensions ['ros']
[0.128s] Level 1:colcon.colcon_core.package_identification:_identify(data/water_source) by extension 'ros'
[0.128s] Level 1:colcon.colcon_core.package_identification:_identify(data/water_source) by extensions ['cmake', 'python']
[0.128s] Level 1:colcon.colcon_core.package_identification:_identify(data/water_source) by extension 'cmake'
[0.128s] Level 1:colcon.colcon_core.package_identification:_identify(data/water_source) by extension 'python'
[0.128s] Level 1:colcon.colcon_core.package_identification:_identify(data/water_source) by extensions ['python_setup_py']
[0.128s] Level 1:colcon.colcon_core.package_identification:_identify(data/water_source) by extension 'python_setup_py'
[0.128s] Level 1:colcon.colcon_core.package_identification:_identify(debug_tiles) by extensions ['ignore', 'ignore_ament_install']
[0.128s] Level 1:colcon.colcon_core.package_identification:_identify(debug_tiles) by extension 'ignore'
[0.128s] Level 1:colcon.colcon_core.package_identification:_identify(debug_tiles) by extension 'ignore_ament_install'
[0.128s] Level 1:colcon.colcon_core.package_identification:_identify(debug_tiles) by extensions ['colcon_pkg']
[0.128s] Level 1:colcon.colcon_core.package_identification:_identify(debug_tiles) by extension 'colcon_pkg'
[0.128s] Level 1:colcon.colcon_core.package_identification:_identify(debug_tiles) by extensions ['colcon_meta']
[0.128s] Level 1:colcon.colcon_core.package_identification:_identify(debug_tiles) by extension 'colcon_meta'
[0.128s] Level 1:colcon.colcon_core.package_identification:_identify(debug_tiles) by extensions ['ros']
[0.128s] Level 1:colcon.colcon_core.package_identification:_identify(debug_tiles) by extension 'ros'
[0.128s] Level 1:colcon.colcon_core.package_identification:_identify(debug_tiles) by extensions ['cmake', 'python']
[0.128s] Level 1:colcon.colcon_core.package_identification:_identify(debug_tiles) by extension 'cmake'
[0.128s] Level 1:colcon.colcon_core.package_identification:_identify(debug_tiles) by extension 'python'
[0.128s] Level 1:colcon.colcon_core.package_identification:_identify(debug_tiles) by extensions ['python_setup_py']
[0.128s] Level 1:colcon.colcon_core.package_identification:_identify(debug_tiles) by extension 'python_setup_py'
[0.128s] Level 1:colcon.colcon_core.package_identification:_identify(drone_models) by extensions ['ignore', 'ignore_ament_install']
[0.128s] Level 1:colcon.colcon_core.package_identification:_identify(drone_models) by extension 'ignore'
[0.128s] Level 1:colcon.colcon_core.package_identification:_identify(drone_models) by extension 'ignore_ament_install'
[0.128s] Level 1:colcon.colcon_core.package_identification:_identify(drone_models) by extensions ['colcon_pkg']
[0.128s] Level 1:colcon.colcon_core.package_identification:_identify(drone_models) by extension 'colcon_pkg'
[0.128s] Level 1:colcon.colcon_core.package_identification:_identify(drone_models) by extensions ['colcon_meta']
[0.128s] Level 1:colcon.colcon_core.package_identification:_identify(drone_models) by extension 'colcon_meta'
[0.129s] Level 1:colcon.colcon_core.package_identification:_identify(drone_models) by extensions ['ros']
[0.129s] Level 1:colcon.colcon_core.package_identification:_identify(drone_models) by extension 'ros'
[0.129s] Level 1:colcon.colcon_core.package_identification:_identify(drone_models) by extensions ['cmake', 'python']
[0.129s] Level 1:colcon.colcon_core.package_identification:_identify(drone_models) by extension 'cmake'
[0.129s] Level 1:colcon.colcon_core.package_identification:_identify(drone_models) by extension 'python'
[0.129s] Level 1:colcon.colcon_core.package_identification:_identify(drone_models) by extensions ['python_setup_py']
[0.129s] Level 1:colcon.colcon_core.package_identification:_identify(drone_models) by extension 'python_setup_py'
[0.129s] Level 1:colcon.colcon_core.package_identification:_identify(images) by extensions ['ignore', 'ignore_ament_install']
[0.129s] Level 1:colcon.colcon_core.package_identification:_identify(images) by extension 'ignore'
[0.129s] Level 1:colcon.colcon_core.package_identification:_identify(images) by extension 'ignore_ament_install'
[0.129s] Level 1:colcon.colcon_core.package_identification:_identify(images) by extensions ['colcon_pkg']
[0.129s] Level 1:colcon.colcon_core.package_identification:_identify(images) by extension 'colcon_pkg'
[0.129s] Level 1:colcon.colcon_core.package_identification:_identify(images) by extensions ['colcon_meta']
[0.129s] Level 1:colcon.colcon_core.package_identification:_identify(images) by extension 'colcon_meta'
[0.129s] Level 1:colcon.colcon_core.package_identification:_identify(images) by extensions ['ros']
[0.129s] Level 1:colcon.colcon_core.package_identification:_identify(images) by extension 'ros'
[0.129s] Level 1:colcon.colcon_core.package_identification:_identify(images) by extensions ['cmake', 'python']
[0.129s] Level 1:colcon.colcon_core.package_identification:_identify(images) by extension 'cmake'
[0.129s] Level 1:colcon.colcon_core.package_identification:_identify(images) by extension 'python'
[0.129s] Level 1:colcon.colcon_core.package_identification:_identify(images) by extensions ['python_setup_py']
[0.129s] Level 1:colcon.colcon_core.package_identification:_identify(images) by extension 'python_setup_py'
[0.129s] Level 1:colcon.colcon_core.package_identification:_identify(images/blank) by extensions ['ignore', 'ignore_ament_install']
[0.129s] Level 1:colcon.colcon_core.package_identification:_identify(images/blank) by extension 'ignore'
[0.129s] Level 1:colcon.colcon_core.package_identification:_identify(images/blank) by extension 'ignore_ament_install'
[0.129s] Level 1:colcon.colcon_core.package_identification:_identify(images/blank) by extensions ['colcon_pkg']
[0.129s] Level 1:colcon.colcon_core.package_identification:_identify(images/blank) by extension 'colcon_pkg'
[0.129s] Level 1:colcon.colcon_core.package_identification:_identify(images/blank) by extensions ['colcon_meta']
[0.129s] Level 1:colcon.colcon_core.package_identification:_identify(images/blank) by extension 'colcon_meta'
[0.129s] Level 1:colcon.colcon_core.package_identification:_identify(images/blank) by extensions ['ros']
[0.129s] Level 1:colcon.colcon_core.package_identification:_identify(images/blank) by extension 'ros'
[0.129s] Level 1:colcon.colcon_core.package_identification:_identify(images/blank) by extensions ['cmake', 'python']
[0.129s] Level 1:colcon.colcon_core.package_identification:_identify(images/blank) by extension 'cmake'
[0.129s] Level 1:colcon.colcon_core.package_identification:_identify(images/blank) by extension 'python'
[0.129s] Level 1:colcon.colcon_core.package_identification:_identify(images/blank) by extensions ['python_setup_py']
[0.129s] Level 1:colcon.colcon_core.package_identification:_identify(images/blank) by extension 'python_setup_py'
[0.129s] Level 1:colcon.colcon_core.package_identification:_identify(images/fire_buildings) by extensions ['ignore', 'ignore_ament_install']
[0.129s] Level 1:colcon.colcon_core.package_identification:_identify(images/fire_buildings) by extension 'ignore'
[0.129s] Level 1:colcon.colcon_core.package_identification:_identify(images/fire_buildings) by extension 'ignore_ament_install'
[0.129s] Level 1:colcon.colcon_core.package_identification:_identify(images/fire_buildings) by extensions ['colcon_pkg']
[0.129s] Level 1:colcon.colcon_core.package_identification:_identify(images/fire_buildings) by extension 'colcon_pkg'
[0.129s] Level 1:colcon.colcon_core.package_identification:_identify(images/fire_buildings) by extensions ['colcon_meta']
[0.129s] Level 1:colcon.colcon_core.package_identification:_identify(images/fire_buildings) by extension 'colcon_meta'
[0.129s] Level 1:colcon.colcon_core.package_identification:_identify(images/fire_buildings) by extensions ['ros']
[0.129s] Level 1:colcon.colcon_core.package_identification:_identify(images/fire_buildings) by extension 'ros'
[0.129s] Level 1:colcon.colcon_core.package_identification:_identify(images/fire_buildings) by extensions ['cmake', 'python']
[0.129s] Level 1:colcon.colcon_core.package_identification:_identify(images/fire_buildings) by extension 'cmake'
[0.129s] Level 1:colcon.colcon_core.package_identification:_identify(images/fire_buildings) by extension 'python'
[0.129s] Level 1:colcon.colcon_core.package_identification:_identify(images/fire_buildings) by extensions ['python_setup_py']
[0.130s] Level 1:colcon.colcon_core.package_identification:_identify(images/fire_buildings) by extension 'python_setup_py'
[0.130s] Level 1:colcon.colcon_core.package_identification:_identify(images/hogweed_thickets) by extensions ['ignore', 'ignore_ament_install']
[0.130s] Level 1:colcon.colcon_core.package_identification:_identify(images/hogweed_thickets) by extension 'ignore'
[0.130s] Level 1:colcon.colcon_core.package_identification:_identify(images/hogweed_thickets) by extension 'ignore_ament_install'
[0.130s] Level 1:colcon.colcon_core.package_identification:_identify(images/hogweed_thickets) by extensions ['colcon_pkg']
[0.130s] Level 1:colcon.colcon_core.package_identification:_identify(images/hogweed_thickets) by extension 'colcon_pkg'
[0.130s] Level 1:colcon.colcon_core.package_identification:_identify(images/hogweed_thickets) by extensions ['colcon_meta']
[0.130s] Level 1:colcon.colcon_core.package_identification:_identify(images/hogweed_thickets) by extension 'colcon_meta'
[0.130s] Level 1:colcon.colcon_core.package_identification:_identify(images/hogweed_thickets) by extensions ['ros']
[0.130s] Level 1:colcon.colcon_core.package_identification:_identify(images/hogweed_thickets) by extension 'ros'
[0.130s] Level 1:colcon.colcon_core.package_identification:_identify(images/hogweed_thickets) by extensions ['cmake', 'python']
[0.130s] Level 1:colcon.colcon_core.package_identification:_identify(images/hogweed_thickets) by extension 'cmake'
[0.130s] Level 1:colcon.colcon_core.package_identification:_identify(images/hogweed_thickets) by extension 'python'
[0.130s] Level 1:colcon.colcon_core.package_identification:_identify(images/hogweed_thickets) by extensions ['python_setup_py']
[0.130s] Level 1:colcon.colcon_core.package_identification:_identify(images/hogweed_thickets) by extension 'python_setup_py'
[0.130s] Level 1:colcon.colcon_core.package_identification:_identify(install) by extensions ['ignore', 'ignore_ament_install']
[0.130s] Level 1:colcon.colcon_core.package_identification:_identify(install) by extension 'ignore'
[0.130s] Level 1:colcon.colcon_core.package_identification:_identify(install) ignored
[0.130s] Level 1:colcon.colcon_core.package_identification:_identify(log) by extensions ['ignore', 'ignore_ament_install']
[0.130s] Level 1:colcon.colcon_core.package_identification:_identify(log) by extension 'ignore'
[0.130s] Level 1:colcon.colcon_core.package_identification:_identify(log) ignored
[0.130s] Level 1:colcon.colcon_core.package_identification:_identify(notebooks) by extensions ['ignore', 'ignore_ament_install']
[0.130s] Level 1:colcon.colcon_core.package_identification:_identify(notebooks) by extension 'ignore'
[0.130s] Level 1:colcon.colcon_core.package_identification:_identify(notebooks) by extension 'ignore_ament_install'
[0.130s] Level 1:colcon.colcon_core.package_identification:_identify(notebooks) by extensions ['colcon_pkg']
[0.130s] Level 1:colcon.colcon_core.package_identification:_identify(notebooks) by extension 'colcon_pkg'
[0.130s] Level 1:colcon.colcon_core.package_identification:_identify(notebooks) by extensions ['colcon_meta']
[0.130s] Level 1:colcon.colcon_core.package_identification:_identify(notebooks) by extension 'colcon_meta'
[0.130s] Level 1:colcon.colcon_core.package_identification:_identify(notebooks) by extensions ['ros']
[0.130s] Level 1:colcon.colcon_core.package_identification:_identify(notebooks) by extension 'ros'
[0.130s] Level 1:colcon.colcon_core.package_identification:_identify(notebooks) by extensions ['cmake', 'python']
[0.130s] Level 1:colcon.colcon_core.package_identification:_identify(notebooks) by extension 'cmake'
[0.130s] Level 1:colcon.colcon_core.package_identification:_identify(notebooks) by extension 'python'
[0.130s] Level 1:colcon.colcon_core.package_identification:_identify(notebooks) by extensions ['python_setup_py']
[0.130s] Level 1:colcon.colcon_core.package_identification:_identify(notebooks) by extension 'python_setup_py'
[0.130s] Level 1:colcon.colcon_core.package_identification:_identify(src) by extensions ['ignore', 'ignore_ament_install']
[0.130s] Level 1:colcon.colcon_core.package_identification:_identify(src) by extension 'ignore'
[0.130s] Level 1:colcon.colcon_core.package_identification:_identify(src) by extension 'ignore_ament_install'
[0.130s] Level 1:colcon.colcon_core.package_identification:_identify(src) by extensions ['colcon_pkg']
[0.130s] Level 1:colcon.colcon_core.package_identification:_identify(src) by extension 'colcon_pkg'
[0.130s] Level 1:colcon.colcon_core.package_identification:_identify(src) by extensions ['colcon_meta']
[0.131s] Level 1:colcon.colcon_core.package_identification:_identify(src) by extension 'colcon_meta'
[0.131s] Level 1:colcon.colcon_core.package_identification:_identify(src) by extensions ['ros']
[0.131s] Level 1:colcon.colcon_core.package_identification:_identify(src) by extension 'ros'
[0.131s] Level 1:colcon.colcon_core.package_identification:_identify(src) by extensions ['cmake', 'python']
[0.131s] Level 1:colcon.colcon_core.package_identification:_identify(src) by extension 'cmake'
[0.131s] Level 1:colcon.colcon_core.package_identification:_identify(src) by extension 'python'
[0.131s] Level 1:colcon.colcon_core.package_identification:_identify(src) by extensions ['python_setup_py']
[0.131s] Level 1:colcon.colcon_core.package_identification:_identify(src) by extension 'python_setup_py'
[0.131s] Level 1:colcon.colcon_core.package_identification:_identify(src/__pycache__) by extensions ['ignore', 'ignore_ament_install']
[0.131s] Level 1:colcon.colcon_core.package_identification:_identify(src/__pycache__) by extension 'ignore'
[0.131s] Level 1:colcon.colcon_core.package_identification:_identify(src/__pycache__) by extension 'ignore_ament_install'
[0.131s] Level 1:colcon.colcon_core.package_identification:_identify(src/__pycache__) by extensions ['colcon_pkg']
[0.131s] Level 1:colcon.colcon_core.package_identification:_identify(src/__pycache__) by extension 'colcon_pkg'
[0.131s] Level 1:colcon.colcon_core.package_identification:_identify(src/__pycache__) by extensions ['colcon_meta']
[0.131s] Level 1:colcon.colcon_core.package_identification:_identify(src/__pycache__) by extension 'colcon_meta'
[0.131s] Level 1:colcon.colcon_core.package_identification:_identify(src/__pycache__) by extensions ['ros']
[0.131s] Level 1:colcon.colcon_core.package_identification:_identify(src/__pycache__) by extension 'ros'
[0.131s] Level 1:colcon.colcon_core.package_identification:_identify(src/__pycache__) by extensions ['cmake', 'python']
[0.131s] Level 1:colcon.colcon_core.package_identification:_identify(src/__pycache__) by extension 'cmake'
[0.131s] Level 1:colcon.colcon_core.package_identification:_identify(src/__pycache__) by extension 'python'
[0.131s] Level 1:colcon.colcon_core.package_identification:_identify(src/__pycache__) by extensions ['python_setup_py']
[0.131s] Level 1:colcon.colcon_core.package_identification:_identify(src/__pycache__) by extension 'python_setup_py'
[0.131s] Level 1:colcon.colcon_core.package_identification:_identify(src/assets) by extensions ['ignore', 'ignore_ament_install']
[0.131s] Level 1:colcon.colcon_core.package_identification:_identify(src/assets) by extension 'ignore'
[0.131s] Level 1:colcon.colcon_core.package_identification:_identify(src/assets) by extension 'ignore_ament_install'
[0.131s] Level 1:colcon.colcon_core.package_identification:_identify(src/assets) by extensions ['colcon_pkg']
[0.131s] Level 1:colcon.colcon_core.package_identification:_identify(src/assets) by extension 'colcon_pkg'
[0.131s] Level 1:colcon.colcon_core.package_identification:_identify(src/assets) by extensions ['colcon_meta']
[0.131s] Level 1:colcon.colcon_core.package_identification:_identify(src/assets) by extension 'colcon_meta'
[0.131s] Level 1:colcon.colcon_core.package_identification:_identify(src/assets) by extensions ['ros']
[0.131s] Level 1:colcon.colcon_core.package_identification:_identify(src/assets) by extension 'ros'
[0.131s] Level 1:colcon.colcon_core.package_identification:_identify(src/assets) by extensions ['cmake', 'python']
[0.131s] Level 1:colcon.colcon_core.package_identification:_identify(src/assets) by extension 'cmake'
[0.131s] Level 1:colcon.colcon_core.package_identification:_identify(src/assets) by extension 'python'
[0.131s] Level 1:colcon.colcon_core.package_identification:_identify(src/assets) by extensions ['python_setup_py']
[0.131s] Level 1:colcon.colcon_core.package_identification:_identify(src/assets) by extension 'python_setup_py'
[0.131s] Level 1:colcon.colcon_core.package_identification:_identify(uav_logs) by extensions ['ignore', 'ignore_ament_install']
[0.131s] Level 1:colcon.colcon_core.package_identification:_identify(uav_logs) by extension 'ignore'
[0.131s] Level 1:colcon.colcon_core.package_identification:_identify(uav_logs) by extension 'ignore_ament_install'
[0.131s] Level 1:colcon.colcon_core.package_identification:_identify(uav_logs) by extensions ['colcon_pkg']
[0.131s] Level 1:colcon.colcon_core.package_identification:_identify(uav_logs) by extension 'colcon_pkg'
[0.131s] Level 1:colcon.colcon_core.package_identification:_identify(uav_logs) by extensions ['colcon_meta']
[0.131s] Level 1:colcon.colcon_core.package_identification:_identify(uav_logs) by extension 'colcon_meta'
[0.131s] Level 1:colcon.colcon_core.package_identification:_identify(uav_logs) by extensions ['ros']
[0.131s] Level 1:colcon.colcon_core.package_identification:_identify(uav_logs) by extension 'ros'
[0.131s] Level 1:colcon.colcon_core.package_identification:_identify(uav_logs) by extensions ['cmake', 'python']
[0.131s] Level 1:colcon.colcon_core.package_identification:_identify(uav_logs) by extension 'cmake'
[0.132s] Level 1:colcon.colcon_core.package_identification:_identify(uav_logs) by extension 'python'
[0.132s] Level 1:colcon.colcon_core.package_identification:_identify(uav_logs) by extensions ['python_setup_py']
[0.132s] Level 1:colcon.colcon_core.package_identification:_identify(uav_logs) by extension 'python_setup_py'
[0.132s] Level 1:colcon.colcon_core.package_discovery:discover_packages(recursive) using defaults
[0.132s] Level 1:colcon.colcon_core.package_discovery:discover_packages(ignore) discover
[0.132s] Level 1:colcon.colcon_core.package_discovery:discover_packages(ignore) using defaults
[0.132s] Level 1:colcon.colcon_core.package_discovery:discover_packages(path) discover
[0.132s] Level 1:colcon.colcon_core.package_discovery:discover_packages(path) using defaults
[0.144s] Level 1:colcon.colcon_core.package_discovery:discover_packages(prefix_path) check parameters
[0.144s] Level 1:colcon.colcon_core.package_discovery:discover_packages(prefix_path) discover
[0.146s] DEBUG:colcon.colcon_installed_package_information.package_discovery:Found 386 installed packages in /opt/ros/jazzy
[0.147s] Level 1:colcon.colcon_core.package_discovery:discover_packages(prefix_path) using defaults
[0.175s] INFO:colcon.colcon_core.executor:Executing jobs using 'parallel' executor
[0.176s] DEBUG:colcon.colcon_parallel_executor.executor.parallel:run_until_complete
[0.176s] DEBUG:colcon.colcon_parallel_executor.executor.parallel:closing loop
[0.176s] DEBUG:colcon.colcon_parallel_executor.executor.parallel:loop closed
[0.176s] DEBUG:colcon.colcon_parallel_executor.executor.parallel:run_until_complete finished with '0'
[0.176s] DEBUG:colcon.colcon_core.event_reactor:joining thread
[0.182s] INFO:colcon.colcon_core.plugin_system:Skipping extension 'colcon_notification.desktop_notification.terminal_notifier': Not used on non-Darwin systems
[0.182s] INFO:colcon.colcon_core.plugin_system:Skipping extension 'colcon_notification.desktop_notification.win32': Not used on non-Windows systems
[0.182s] INFO:colcon.colcon_notification.desktop_notification:Sending desktop notification using 'notify2'
[0.192s] DEBUG:colcon.colcon_core.event_reactor:joined thread
[0.196s] INFO:colcon.colcon_core.plugin_system:Skipping extension 'colcon_core.shell.bat': Not used on non-Windows systems
[0.196s] INFO:colcon.colcon_core.shell:Creating prefix script '/home/grigory/uav_agent/install/local_setup.ps1'
[0.197s] INFO:colcon.colcon_core.shell:Creating prefix util module '/home/grigory/uav_agent/install/_local_setup_util_ps1.py'
[0.198s] INFO:colcon.colcon_core.shell:Creating prefix chain script '/home/grigory/uav_agent/install/setup.ps1'
[0.198s] INFO:colcon.colcon_core.shell:Creating prefix script '/home/grigory/uav_agent/install/local_setup.sh'
[0.199s] INFO:colcon.colcon_core.shell:Creating prefix util module '/home/grigory/uav_agent/install/_local_setup_util_sh.py'
[0.199s] INFO:colcon.colcon_core.shell:Creating prefix chain script '/home/grigory/uav_agent/install/setup.sh'
[0.200s] INFO:colcon.colcon_core.shell:Creating prefix script '/home/grigory/uav_agent/install/local_setup.bash'
[0.200s] INFO:colcon.colcon_core.shell:Creating prefix chain script '/home/grigory/uav_agent/install/setup.bash'
[0.201s] INFO:colcon.colcon_core.shell:Creating prefix script '/home/grigory/uav_agent/install/local_setup.zsh'
[0.201s] INFO:colcon.colcon_core.shell:Creating prefix chain script '/home/grigory/uav_agent/install/setup.zsh'
